// Jest Snapshot v1, https://goo.gl/fbAQLP

exports[`Brand chart renders correctly 1`] = `
ShallowWrapper {
  Symbol(enzyme.__root__): [Circular],
  Symbol(enzyme.__unrendered__): <BrandChart
    control={
      Array [
        Object {
          "x": 2018-01-01T00:00:00.000Z,
          "y": "333",
        },
      ]
    }
    exposed={
      Array [
        Object {
          "x": 2018-01-01T00:00:00.000Z,
          "y": "444",
        },
      ]
    }
  />,
  Symbol(enzyme.__renderer__): Object {
    "batchedUpdates": [Function],
    "getNode": [Function],
    "render": [Function],
    "simulateError": [Function],
    "simulateEvent": [Function],
    "unmount": [Function],
  },
  Symbol(enzyme.__node__): Object {
    "instance": null,
    "key": undefined,
    "nodeType": "class",
    "props": Object {
      "children": Array [
        <HorizontalGridLines
          attr="y"
          direction="horizontal"
        />,
        <VerticalGridLines
          attr="x"
          direction="vertical"
        />,
        <XAxis
          attr="x"
          attrAxis="y"
          orientation="bottom"
        />,
        <YAxis
          attr="y"
          attrAxis="x"
          orientation="left"
        />,
        <LineMarkSeries
          className="brandExposedData"
          curve="curveMonotoneX"
          data={
            Array [
              Object {
                "x": 2018-01-01T00:00:00.000Z,
                "y": "444",
              },
            ]
          }
          getNull={[Function]}
          lineStyle={Object {}}
          markStyle={Object {}}
          opacity={1}
          stack={false}
          strokeStyle="solid"
          style={Object {}}
        />,
        <LineMarkSeries
          className="brandControlData"
          curve="curveMonotoneX"
          data={
            Array [
              Object {
                "x": 2018-01-01T00:00:00.000Z,
                "y": "333",
              },
            ]
          }
          getNull={[Function]}
          lineStyle={Object {}}
          markStyle={Object {}}
          opacity={1}
          stack={false}
          strokeStyle="solid"
          style={Object {}}
        />,
      ],
      "className": "",
      "height": 300,
      "margin": Object {
        "left": 100,
        "right": 100,
      },
      "width": 500,
      "xType": "time",
    },
    "ref": null,
    "rendered": Array [
      Object {
        "instance": null,
        "key": undefined,
        "nodeType": "function",
        "props": Object {
          "attr": "y",
          "direction": "horizontal",
        },
        "ref": null,
        "rendered": null,
        "type": [Function],
      },
      Object {
        "instance": null,
        "key": undefined,
        "nodeType": "function",
        "props": Object {
          "attr": "x",
          "direction": "vertical",
        },
        "ref": null,
        "rendered": null,
        "type": [Function],
      },
      Object {
        "instance": null,
        "key": undefined,
        "nodeType": "function",
        "props": Object {
          "attr": "x",
          "attrAxis": "y",
          "orientation": "bottom",
        },
        "ref": null,
        "rendered": null,
        "type": [Function],
      },
      Object {
        "instance": null,
        "key": undefined,
        "nodeType": "function",
        "props": Object {
          "attr": "y",
          "attrAxis": "x",
          "orientation": "left",
        },
        "ref": null,
        "rendered": null,
        "type": [Function],
      },
      Object {
        "instance": null,
        "key": undefined,
        "nodeType": "class",
        "props": Object {
          "className": "brandExposedData",
          "curve": "curveMonotoneX",
          "data": Array [
            Object {
              "x": 2018-01-01T00:00:00.000Z,
              "y": "444",
            },
          ],
          "getNull": [Function],
          "lineStyle": Object {},
          "markStyle": Object {},
          "opacity": 1,
          "stack": false,
          "strokeStyle": "solid",
          "style": Object {},
        },
        "ref": null,
        "rendered": null,
        "type": [Function],
      },
      Object {
        "instance": null,
        "key": undefined,
        "nodeType": "class",
        "props": Object {
          "className": "brandControlData",
          "curve": "curveMonotoneX",
          "data": Array [
            Object {
              "x": 2018-01-01T00:00:00.000Z,
              "y": "333",
            },
          ],
          "getNull": [Function],
          "lineStyle": Object {},
          "markStyle": Object {},
          "opacity": 1,
          "stack": false,
          "strokeStyle": "solid",
          "style": Object {},
        },
        "ref": null,
        "rendered": null,
        "type": [Function],
      },
    ],
    "type": [Function],
  },
  Symbol(enzyme.__nodes__): Array [
    Object {
      "instance": null,
      "key": undefined,
      "nodeType": "class",
      "props": Object {
        "children": Array [
          <HorizontalGridLines
            attr="y"
            direction="horizontal"
          />,
          <VerticalGridLines
            attr="x"
            direction="vertical"
          />,
          <XAxis
            attr="x"
            attrAxis="y"
            orientation="bottom"
          />,
          <YAxis
            attr="y"
            attrAxis="x"
            orientation="left"
          />,
          <LineMarkSeries
            className="brandExposedData"
            curve="curveMonotoneX"
            data={
              Array [
                Object {
                  "x": 2018-01-01T00:00:00.000Z,
                  "y": "444",
                },
              ]
            }
            getNull={[Function]}
            lineStyle={Object {}}
            markStyle={Object {}}
            opacity={1}
            stack={false}
            strokeStyle="solid"
            style={Object {}}
          />,
          <LineMarkSeries
            className="brandControlData"
            curve="curveMonotoneX"
            data={
              Array [
                Object {
                  "x": 2018-01-01T00:00:00.000Z,
                  "y": "333",
                },
              ]
            }
            getNull={[Function]}
            lineStyle={Object {}}
            markStyle={Object {}}
            opacity={1}
            stack={false}
            strokeStyle="solid"
            style={Object {}}
          />,
        ],
        "className": "",
        "height": 300,
        "margin": Object {
          "left": 100,
          "right": 100,
        },
        "width": 500,
        "xType": "time",
      },
      "ref": null,
      "rendered": Array [
        Object {
          "instance": null,
          "key": undefined,
          "nodeType": "function",
          "props": Object {
            "attr": "y",
            "direction": "horizontal",
          },
          "ref": null,
          "rendered": null,
          "type": [Function],
        },
        Object {
          "instance": null,
          "key": undefined,
          "nodeType": "function",
          "props": Object {
            "attr": "x",
            "direction": "vertical",
          },
          "ref": null,
          "rendered": null,
          "type": [Function],
        },
        Object {
          "instance": null,
          "key": undefined,
          "nodeType": "function",
          "props": Object {
            "attr": "x",
            "attrAxis": "y",
            "orientation": "bottom",
          },
          "ref": null,
          "rendered": null,
          "type": [Function],
        },
        Object {
          "instance": null,
          "key": undefined,
          "nodeType": "function",
          "props": Object {
            "attr": "y",
            "attrAxis": "x",
            "orientation": "left",
          },
          "ref": null,
          "rendered": null,
          "type": [Function],
        },
        Object {
          "instance": null,
          "key": undefined,
          "nodeType": "class",
          "props": Object {
            "className": "brandExposedData",
            "curve": "curveMonotoneX",
            "data": Array [
              Object {
                "x": 2018-01-01T00:00:00.000Z,
                "y": "444",
              },
            ],
            "getNull": [Function],
            "lineStyle": Object {},
            "markStyle": Object {},
            "opacity": 1,
            "stack": false,
            "strokeStyle": "solid",
            "style": Object {},
          },
          "ref": null,
          "rendered": null,
          "type": [Function],
        },
        Object {
          "instance": null,
          "key": undefined,
          "nodeType": "class",
          "props": Object {
            "className": "brandControlData",
            "curve": "curveMonotoneX",
            "data": Array [
              Object {
                "x": 2018-01-01T00:00:00.000Z,
                "y": "333",
              },
            ],
            "getNull": [Function],
            "lineStyle": Object {},
            "markStyle": Object {},
            "opacity": 1,
            "stack": false,
            "strokeStyle": "solid",
            "style": Object {},
          },
          "ref": null,
          "rendered": null,
          "type": [Function],
        },
      ],
      "type": [Function],
    },
  ],
  Symbol(enzyme.__options__): Object {
    "adapter": ReactSixteenAdapter {
      "options": Object {
        "enableComponentDidUpdateOnSetState": true,
        "lifecycles": Object {
          "componentDidUpdate": Object {
            "onSetState": true,
          },
          "getDerivedStateFromProps": true,
          "getSnapshotBeforeUpdate": true,
          "setState": Object {
            "skipsComponentDidUpdateOnNullish": true,
          },
        },
      },
    },
  },
}
`;
