// Jest Snapshot v1, https://goo.gl/fbAQLP

exports[`Weekly charts wrapper renders correctly 1`] = `
ShallowWrapper {
  Symbol(enzyme.__root__): [Circular],
  Symbol(enzyme.__unrendered__): <WeeklyCharts />,
  Symbol(enzyme.__renderer__): Object {
    "batchedUpdates": [Function],
    "getNode": [Function],
    "render": [Function],
    "simulateError": [Function],
    "simulateEvent": [Function],
    "unmount": [Function],
  },
  Symbol(enzyme.__node__): Object {
    "instance": null,
    "key": undefined,
    "nodeType": "host",
    "props": Object {
      "children": Array [
        <ExposedControlChart
          control={
            Array [
              Object {
                "x": 2018-01-01T00:00:00.000Z,
                "y": "111",
              },
            ]
          }
          exposed={
            Array [
              Object {
                "x": 2018-01-01T00:00:00.000Z,
                "y": "222",
              },
            ]
          }
        />,
        <ExposedControlChart
          control={
            Array [
              Object {
                "x": 2018-01-01T00:00:00.000Z,
                "y": "333",
              },
            ]
          }
          exposed={
            Array [
              Object {
                "x": 2018-01-01T00:00:00.000Z,
                "y": "444",
              },
            ]
          }
        />,
        <ExposedControlChart
          control={
            Array [
              Object {
                "x": 2018-01-01T00:00:00.000Z,
                "y": "555",
              },
            ]
          }
          exposed={
            Array [
              Object {
                "x": 2018-01-01T00:00:00.000Z,
                "y": "666",
              },
            ]
          }
        />,
      ],
    },
    "ref": null,
    "rendered": Array [
      Object {
        "instance": null,
        "key": undefined,
        "nodeType": "function",
        "props": Object {
          "control": Array [
            Object {
              "x": 2018-01-01T00:00:00.000Z,
              "y": "111",
            },
          ],
          "exposed": Array [
            Object {
              "x": 2018-01-01T00:00:00.000Z,
              "y": "222",
            },
          ],
        },
        "ref": null,
        "rendered": null,
        "type": [Function],
      },
      Object {
        "instance": null,
        "key": undefined,
        "nodeType": "function",
        "props": Object {
          "control": Array [
            Object {
              "x": 2018-01-01T00:00:00.000Z,
              "y": "333",
            },
          ],
          "exposed": Array [
            Object {
              "x": 2018-01-01T00:00:00.000Z,
              "y": "444",
            },
          ],
        },
        "ref": null,
        "rendered": null,
        "type": [Function],
      },
      Object {
        "instance": null,
        "key": undefined,
        "nodeType": "function",
        "props": Object {
          "control": Array [
            Object {
              "x": 2018-01-01T00:00:00.000Z,
              "y": "555",
            },
          ],
          "exposed": Array [
            Object {
              "x": 2018-01-01T00:00:00.000Z,
              "y": "666",
            },
          ],
        },
        "ref": null,
        "rendered": null,
        "type": [Function],
      },
    ],
    "type": "div",
  },
  Symbol(enzyme.__nodes__): Array [
    Object {
      "instance": null,
      "key": undefined,
      "nodeType": "host",
      "props": Object {
        "children": Array [
          <ExposedControlChart
            control={
              Array [
                Object {
                  "x": 2018-01-01T00:00:00.000Z,
                  "y": "111",
                },
              ]
            }
            exposed={
              Array [
                Object {
                  "x": 2018-01-01T00:00:00.000Z,
                  "y": "222",
                },
              ]
            }
          />,
          <ExposedControlChart
            control={
              Array [
                Object {
                  "x": 2018-01-01T00:00:00.000Z,
                  "y": "333",
                },
              ]
            }
            exposed={
              Array [
                Object {
                  "x": 2018-01-01T00:00:00.000Z,
                  "y": "444",
                },
              ]
            }
          />,
          <ExposedControlChart
            control={
              Array [
                Object {
                  "x": 2018-01-01T00:00:00.000Z,
                  "y": "555",
                },
              ]
            }
            exposed={
              Array [
                Object {
                  "x": 2018-01-01T00:00:00.000Z,
                  "y": "666",
                },
              ]
            }
          />,
        ],
      },
      "ref": null,
      "rendered": Array [
        Object {
          "instance": null,
          "key": undefined,
          "nodeType": "function",
          "props": Object {
            "control": Array [
              Object {
                "x": 2018-01-01T00:00:00.000Z,
                "y": "111",
              },
            ],
            "exposed": Array [
              Object {
                "x": 2018-01-01T00:00:00.000Z,
                "y": "222",
              },
            ],
          },
          "ref": null,
          "rendered": null,
          "type": [Function],
        },
        Object {
          "instance": null,
          "key": undefined,
          "nodeType": "function",
          "props": Object {
            "control": Array [
              Object {
                "x": 2018-01-01T00:00:00.000Z,
                "y": "333",
              },
            ],
            "exposed": Array [
              Object {
                "x": 2018-01-01T00:00:00.000Z,
                "y": "444",
              },
            ],
          },
          "ref": null,
          "rendered": null,
          "type": [Function],
        },
        Object {
          "instance": null,
          "key": undefined,
          "nodeType": "function",
          "props": Object {
            "control": Array [
              Object {
                "x": 2018-01-01T00:00:00.000Z,
                "y": "555",
              },
            ],
            "exposed": Array [
              Object {
                "x": 2018-01-01T00:00:00.000Z,
                "y": "666",
              },
            ],
          },
          "ref": null,
          "rendered": null,
          "type": [Function],
        },
      ],
      "type": "div",
    },
  ],
  Symbol(enzyme.__options__): Object {
    "adapter": ReactSixteenAdapter {
      "options": Object {
        "enableComponentDidUpdateOnSetState": true,
        "lifecycles": Object {
          "componentDidUpdate": Object {
            "onSetState": true,
          },
          "getDerivedStateFromProps": true,
          "getSnapshotBeforeUpdate": true,
          "setState": Object {
            "skipsComponentDidUpdateOnNullish": true,
          },
        },
      },
    },
  },
}
`;
